[23:55:47] 실패: 인증 실패: 쿠키 만료 또는 notebooklm.google.com 도메인 미허용 (README 1·2단계)
[01:37:27] 실패: 인증 실패: 쿠키 만료 또는 notebooklm.google.com 도메인 미허용 (README 1·2단계)
[01:39:22] 실패: 인증 실패: 쿠키 만료 또는 notebooklm.google.com 도메인 미허용 (README 1·2단계)
[01:49:54] S0 완료
[04:16:06] S1 완료
[04:16:09] S2 완료
[04:17:27] 실패: F0 답변이 너무 짧음
[04:18:22] S3 완료
[04:18:42] S4 주제: 세무·회계 (합계 27, 2위 기업 계약 26)
[04:18:48] 딥리서치 시작
[04:39:17] 규제 fast 리서치
[04:39:57] 소스 수: 50
[04:39:57] S5 완료
[04:58:56] S6 완료
[04:59:32] S6 완료, S7 브리프 작성
[05:01:29] S8 완료 (R1~R3 9개 파일)
[05:02:15] S9 판정 TOTAL 15/25 (R4 불필요)
[05:03:22] S10 완료
[05:03:30] S10 팩트체크 완료: 근거있음 9, 모순 1(삼쩜삼 과징금 사유)
[05:04:00] S11 작성 완료
